[

{
    "clubcode": "01-1009",
    "message": "01-tt-m8 vor 01-tt-m8 nach (01-tt-m8) steht in VRL 9 von (01-1009) Top Team als  Fest in \"2\" (ab 22.10.2016), aber der Grund des Festspielens konnte nicht gefunden werden",
    "player_id": "01-tt-m8",
    "type": "vrl",
    "vrl_typeid": 9
},

{
    "message": "01-tt-m5 vor 01-tt-m5 nach (01-tt-m5) hat sich am 24.08.2016 15:00:00 in (01-tt-01) TopTeam 1 festgespielt, hat aber danach am 30.08.2016 18:00:00 f√ºr (01-1009-2) TopTeam 2 gespielt.",
    "player_id": "01-tt-m5",
    "teammatch_id": "21"
},

{
    "clubcode": "01-1009",
    "message": "01-tt-m5 vor 01-tt-m5 nach (01-tt-m5) hat sich am 24.08.2016 15:00:00 in (01-tt-01) TopTeam 1 festgespielt (Bundesliga!), aber im Eintrag in VRL 9[Hinrunde Herren O19] von (01-1009) Top Team fehlt [Fest in] = \"1\" und [Fest ab] = \"25.08.2016\"",
    "player_id": "01-tt-m5",
    "teammatch_id": "3",
    "type": "vrl",
    "vrl_typeid": 9
},

{
    "clubcode": "01-1009",
    "message": "01-tt-m20 vor 01-tt-m20 nach (01-tt-m20) hat sich am 30.08.2016 18:00:00 in (01-1009-2) TopTeam 2 festgespielt, aber im Eintrag in VRL 9 von (01-1009) Top Team fehlt das \"Fest ab\"-Datum.",
    "player_id": "01-tt-m20",
    "teammatch_id": "21",
    "type": "vrl",
    "vrl_typeid": 9
},

{
    "clubcode": "01-1010",
    "message": "01-ag-m5_vor 01-ag-m5_nach (01-ag-m5) hat sich am 30.08.2016 18:00:00 in (01-1010-1) AlsoGood 1 festgespielt, aber im Eintrag in VRL 9[Hinrunde Herren O19] von (01-1010) AlsoGood fehlt [Fest in] = \"1\" und [Fest ab] = \"31.08.2016\"",
    "player_id": "01-ag-m5",
    "teammatch_id": "21",
    "type": "vrl",
    "vrl_typeid": 9
}

]