[

{
	"message": "(01-1011-1) NeverPlay 1 hat am 18.10.2016 zum dritten Mal kampflos aufgegeben, ist aber nicht als zurückgezogen markiert (§68.3b SpO)",
	"teammatch_id": "24"
}
]