[
{
	"clubcode": "01-1008",
	"vrl_typeid": 10,
	"message": "Spielerin 01-ry-f1 first 01-ry-f1 last (01-ry-f1) spielt in der Hinrunde für mehr als einen Verein: (01-1008) RetractYouth, (01-1009) Top Team",
	"player_id": "01-ry-f1",
	"type": "vrl"
},
{
	"clubcode": "01-1009",
	"vrl_typeid": 10,
	"message": "Spielerin 01-ry-f1 first 01-ry-f1 last (01-ry-f1) spielt in der Hinrunde für mehr als einen Verein: (01-1008) RetractYouth, (01-1009) Top Team",
	"player_id": "01-ry-f1",
	"type": "vrl"
}


]